{"resumed_tokens": 0, "resumed_runs": {}}
S0/run-001: ERROR AuthenticationError
S0/run-002: ERROR AuthenticationError
S0/run-003: ERROR AuthenticationError
S0/run-004: ERROR AuthenticationError
S0/run-005: ERROR AuthenticationError
S0/run-006: ERROR AuthenticationError
S0/run-007: ERROR AuthenticationError
S0/run-008: ERROR AuthenticationError
S0/run-009: ERROR AuthenticationError
S0/run-010: ERROR AuthenticationError
S0/run-011: ERROR AuthenticationError
S0/run-012: ERROR AuthenticationError
S0/run-013: ERROR AuthenticationError
S0/run-014: ERROR AuthenticationError
S0/run-015: ERROR AuthenticationError
S0/run-016: ERROR AuthenticationError
S0/run-017: ERROR AuthenticationError
S0/run-018: ERROR AuthenticationError
S0/run-019: ERROR AuthenticationError
S0/run-020: ERROR AuthenticationError
S3/run-001: ERROR RuntimeError
S3/run-002: ERROR RuntimeError
S3/run-003: ERROR RuntimeError
S3/run-004: ERROR RuntimeError
S3/run-005: ERROR RuntimeError
S3/run-006: ERROR RuntimeError
S3/run-007: ERROR RuntimeError
S3/run-008: ERROR RuntimeError
S3/run-009: ERROR RuntimeError
S3/run-010: ERROR RuntimeError
S3/run-011: ERROR RuntimeError
S3/run-012: ERROR RuntimeError
S3/run-013: ERROR RuntimeError
S3/run-014: ERROR RuntimeError
S3/run-015: ERROR RuntimeError
S3/run-016: ERROR RuntimeError
S3/run-017: ERROR RuntimeError
S3/run-018: ERROR RuntimeError
S3/run-019: ERROR RuntimeError
S3/run-020: ERROR RuntimeError
S4/run-001: ERROR AuthenticationError
S4/run-002: ERROR AuthenticationError
S4/run-003: ERROR AuthenticationError
S4/run-004: ERROR AuthenticationError
S4/run-005: ERROR AuthenticationError
S4/run-006: ERROR AuthenticationError
S4/run-007: ERROR AuthenticationError
S4/run-008: ERROR AuthenticationError
S4/run-009: ERROR AuthenticationError
S4/run-010: ERROR AuthenticationError
S4/run-011: ERROR AuthenticationError
S4/run-012: ERROR AuthenticationError
S4/run-013: ERROR AuthenticationError
S4/run-014: ERROR AuthenticationError
S4/run-015: ERROR AuthenticationError
S4/run-016: ERROR AuthenticationError
S4/run-017: ERROR AuthenticationError
S4/run-018: ERROR AuthenticationError
S4/run-019: ERROR AuthenticationError
S4/run-020: ERROR AuthenticationError
S5/run-001: ERROR AuthenticationError
S5/run-002: ERROR AuthenticationError
S5/run-003: ERROR AuthenticationError
S5/run-004: ERROR AuthenticationError
S5/run-005: ERROR AuthenticationError
S5/run-006: ERROR AuthenticationError
S5/run-007: ERROR AuthenticationError
S5/run-008: ERROR AuthenticationError
S5/run-009: ERROR AuthenticationError
S5/run-010: ERROR AuthenticationError
S5/run-011: ERROR AuthenticationError
S5/run-012: ERROR AuthenticationError
S5/run-013: ERROR AuthenticationError
S5/run-014: ERROR AuthenticationError
S5/run-015: ERROR AuthenticationError
S5/run-016: ERROR AuthenticationError
S5/run-017: ERROR AuthenticationError
S5/run-018: ERROR AuthenticationError
S5/run-019: ERROR AuthenticationError
S5/run-020: ERROR AuthenticationError
A1/run-001: ERROR AuthenticationError
A1/run-002: ERROR AuthenticationError
A1/run-003: ERROR AuthenticationError
A1/run-004: ERROR AuthenticationError
A1/run-005: ERROR AuthenticationError
A1/run-006: ERROR AuthenticationError
A1/run-007: ERROR AuthenticationError
A1/run-008: ERROR AuthenticationError
A1/run-009: ERROR AuthenticationError
A1/run-010: ERROR AuthenticationError
A1/run-011: ERROR AuthenticationError
A1/run-012: ERROR AuthenticationError
A1/run-013: ERROR AuthenticationError
A1/run-014: ERROR AuthenticationError
A1/run-015: ERROR AuthenticationError
A1/run-016: ERROR AuthenticationError
A1/run-017: ERROR AuthenticationError
A1/run-018: ERROR AuthenticationError
A1/run-019: ERROR AuthenticationError
A1/run-020: ERROR AuthenticationError
A3/run-001: ERROR AuthenticationError
A3/run-002: ERROR AuthenticationError
A3/run-003: ERROR AuthenticationError
A3/run-004: ERROR AuthenticationError
A3/run-005: ERROR AuthenticationError
A3/run-006: ERROR AuthenticationError
A3/run-007: ERROR AuthenticationError
A3/run-008: ERROR AuthenticationError
A3/run-009: ERROR AuthenticationError
A3/run-010: ERROR AuthenticationError
A3/run-011: ERROR AuthenticationError
A3/run-012: ERROR AuthenticationError
A3/run-013: ERROR AuthenticationError
A3/run-014: ERROR AuthenticationError
A3/run-015: ERROR AuthenticationError
A3/run-016: ERROR AuthenticationError
A3/run-017: ERROR AuthenticationError
A3/run-018: ERROR AuthenticationError
A3/run-019: ERROR AuthenticationError
A3/run-020: ERROR AuthenticationError
{"summary": {"schema": "p08.campaign_summary/1", "case_id": "policy_rag_v1", "pin": "de77fba31d92c26665ee87f9aceec11e3ddc1497", "total_runs": 120, "completed_or_recorded": 0, "aborted_or_invalid": 0, "refused": 0, "errored": 120, "missing_or_skipped": 120, "cumulative_tokens": 0, "master_token_ceiling": 10800000, "stopped_master_ceiling": false}}
